# SEGGER J-Link RTT Viewer V6.62a Data Log File
# Compiled: 12:58:57 on Jan 31 2020
# Logging started @ 29 Jun 2020 14:37:32
y~|x{z}#      >  D    D  c D    mD  ainD    D  .   @   g    i  dle   00    D  g       *               # D      *    l  ogg  ing  f $   g $   'g $   ;g $   g 4    4  - 4    4  g 4  h     @h D  h       =       h   i     #i D  ei       M       i   i     j D  -j $   Aj $   ]j $   qj $   j $   j $   j $   j $   j $   j $   k $   -k $   Hk $   \k $   wk $   k $   k $   k $   o $   o $   &       ]       w   Ą        P   x      D      ]    w  ork  que  ue   | &    &    %    %   ;     ] D   &    &    %    %   .     P D   &    &   > %   S %   q      D   &    D  3     U 4   4  Ԋ        A   k        ڋ        '   | %    %        Ҍ    #   % #   l "            "   D #   ] #    "           
 "   Z #   t #    "           # "    &    &    &      H     k   y~|x{z}        ]    w  ork  que  ue   U        "     B     d    &    &    %    %   !     C   a &   x &    %    %           A &   X &    %    %           > &   U &    %    %        *    %    D   %           . &   E &    %    %           I     k           U                 &    &   K %   ` %   ~         &    &    %    %   4     V   | &    &    %    %   &     H              ,     N D  g &    &    &    %   ' %   E     g D   &    &   2                     F &            D    %   9   g %            &    %    %   ,     N   u t s          y~|x{z}!tD  =tD  t    t    uD  u&   u&   v&   5v&   v&   v&   v%   v%   $w    HwD  w&   w&   Cx%   Xx%   vx    xD  x&   yD  >y    `y  y~|x{z}y   @   g    i  dle   00  *              6  e&   |&   %   Δ%         *&   A&   q%   %       ƕ  1%   KD  w%               5&   z      ėD  ݗ&       ;D  %   %       ژD  %   %   2    TD  {%     Ě%       
  #&   B&   Y&   %   ؛%         h      ؜      !D  %   ۩  %   )    OD  D  Ы      &   #   #    "   t      "   #   #   ?"         "   #   	#   8"   {      "   #   #   "   K    p  "   #   #   "   W    z  "   #   #   "   P    r  "   }#   #   "   )    N  f"   #   #   "   4    V  n"   #   #   "   ,    N  f"   s<#   <#   <"   =    B=  Z="   =#   =#   ="   (>    J>  b>"   >#   >#   >"    ?    B?  Z?"   Ma#   ma#   a"   a    b  /b"   qb#   b#   b"   b    c  7c"   jc#   c#   c"   c    d  /d"   #   Յ#   "   Z      "   ن#   #   !"   e      "   ҇#   #   "   ^      "   #   >#   y"   ê       "   B#   [#   "   Ϋ      "   ;#   T#   "   Ƭ       "   #   .#   i"         "   2#   K#   z"         "   +#   D#   s"         "   #   #   X"         "   !#   :#   i"         "   #   3#   b"         y~|x{z}      "   #   #   ."   x      "   #   #   ?"         "   "   ߥ    OD  iD          ?D   &   0 &   i &    &    %    %   !    *!D  !&   !&   %"%   :"%   X"    z"D  #D  #    #  y~|x{z}2$       ]    w  ork  que  ue   <ߺ    8=  =    =    =  =&   
>&   G>%   \>%   z>    >  >&   >&   >%   ?%   2?    T?  ?  @ߺ    i@    @    @  @&   A  FA    hA  B%   B  C%   7C    YC  rC&   C&   C&   D%   )D%   GD    iD  D&   D&   D%   D%   D     E  fE%   {E%   E    E  E&   E&   ZF%   pF%   F    F  F    G  \G&   sG&   G%   G%   G    G  :H    \H  H  H    H  U%   U  U%   U     V  V&   V&   ?W%   TW%   rW    W  W&   X&   X%   X%   X    X  RY  Y    Y  Y&   {#   {#   {"   D|    i|  |"   |#   |#   }"   O}    q}  }"   }#   }#   ~"   H~    j~  ~"   l#   #   Ơ"       5  M"   #   #   ס"       =  U"   #   #   Т"       6  N"   #   #   ."   x      "   #   #   ?"         "   #   	#   8"   {      "   #   #   "   g      "   #   #   ."   r      "   #   #   '"   j      "   #   #   "   V    {  "   #   #   "   a      "   #   #   "   Y    {  "   3#   3#   3"   *4    O4  g4"   4#   4#   4"   55    W5  o5"   5#   5#   5"   -6    O6  g6"   W#   X#   IX"   X    X  X"   Y#   +Y#   ZY"   Y    Y  Y"   Z#         y~|x{z}$Z#   SZ"   Z    Z  Z"   W|#   w|#   |"   |    !}  9}"   {}#   }#   }"   ~	   3#   S#   "   ء      "   W#   p#   "         "   P#   i#   "   ܣ      "   #   #   "   A    f  ~"   #   #   "   L    n  "   #   #   "   D    f  ~"   #   +#   ^"         "   '#   @#   o"         "   =#   W#   "         "   a&            y~|x{z}~       M       Х    6    y~|x{z}       =       {¥    *|D  D|D  |    |    }D   ~&   ~&   7~&   N~&   ~&   ~&   %   %   =    aD  &   &   U%   j%       D  ߀&   (D  O    q  y~|x{z}ځ     4  - 4    4  'º              1  e&   |&   %   ̜%         *&   A&   o%   %       ĝ  /%   LD  x%               =&   T&   %   Ϡ%         ]      ӡ      D  6&   r    D  ̢%   %       !D  F%   [%   y    D  ;%   X  %       ̰D  *D  G    k  &   (#   L#   "          "   b#   {#   "         ("   [#   t#   "          "   #   %#   b"         "   +#   D#   s"         "   $#   =#   l"         "   q#   #   "       ;  S"   #   #   "   !    C  ["   #   #   "        ;   S "   aB#   B#   B"   C    +C  CC"   C#   C#   C"   D    3D  KD"   ~D#   D#   D"   	E    +E  CE"   6g#   Vg#   g"   g     h  h"   Zh#   sh#   h"   h    i   i"   Si#         y~|x{z}li#   i"   i    j  j"   #   #   "   D    i  "   Ì#   ܌#   "   O    q  "   #   Ս#   "   G    i  "   #   (#   c"       Ұ  "   ,#   E#   t"       ڱ  "   %#   >#   m"       Ҳ  "   #   #   R"         "   #   4#   c"         "   #   -#   \"         "   #   #   C"         "   #   %#   T"         "   #   #   N"         "   #   #   "   b      "   #   #   ) "   m         "    #    #   "!"   e!    !  !"   +-#   K-#   ~-"   -    -  ."   G.#   `.#   ."   .    .  /"   ^/#   x/#   /"   /    0  (0"   0&   0   1    #1  y~|x{z}1       *    l  ogg  ing      tD  D       @    dD  @&   W&   v&   &   &   &   ?%   V%   |    D  &   &   %   %       D  %&   mD        y~|x{z}!   @   g    i  dle   00  D0    0  1    -1    O1  ~1&   1&   1%   1%   2    '2  C2&   Z2&   2%   2%   2    2  J3%   d3D  3%   3    3  
4    ,4  N4&   4  4    4D  4&   25    T5D  5%   5%   5    5D  6%   -6%   K6    m6D  7%   7  7%   8    #8  <8&   [8&   r8&   8%   8%   9    19  9    9  9  :    ::D  F%   F  G%   ?G    eGD  HD  H    
I  #I&   .k#   Rk#   k"   k    l  #l"   fl#   l#   l"   l    m  ,m"   _m#   xm#   m"   m    n  %n"   #   ,#   i"       ؐ  "   2#   K#   z"         "   +#   D#   s"             y~|x{z}ؒ  "   v#   #   Ѵ"       @  X"   #   #   ⵦ"   &    H  `"   #   #   ۶"       @  X"   ئ#   ئ#   9٦"   ٦    ٦  ٦"   ڦ#   ڦ#   Jڦ"   ڦ    ڦ  ڦ"   ڦ#   ۦ#   Dۦ"   ۦ    ۦ  ۦ"   #   #   )"   s      "   #   #   :"   ~      "   #    #   3 "   v         "   "#   "#   ""   G#    l#  #"   ##   ##   $"   R$    t$  $"   $#   $#   %"   J%    l%  %"   G#   +G#   fG"   G    G  G"   /H#   HH#   wH"   H    H  H"   (I#   AI#   pI"   I    I  I"   sk#   k#   k"   l    =l  Ul"   l#   l#   l"   #m    Em  ]m"   m#   m#   m"   n    =n  Un"   ۏ#   #   6"         "   #   #   G"         ő"   #   #   @"         "   #   д#   "   U    z  "   Ե#   #   "   `      "   Ͷ#   涧#   "   X    z  "   ç#   ç#   ħ"   ^ħ    ħ  ħ"   ħ#   ħ#   %ŧ"   tŧ       D  *D      ܣ     D  ؤ&   &   *&   A&   %   %   ǥ    륉D  H&   _&   榉%   %       ;D  ID  g      y~|x{z}       ]    w  ork  que  ue         Y    y      &   &   !É%   6É%   TÉ    vÉ  É&   É&   É%   É%   ĉ    .ĉ  ĉ4  ĉ    Cŉ    ]ŉ    ŉ  ŉ&   ŉ   Ɖ    BƉ4  ǉ%   ǉ  ǉ%   ȉ    3ȉ  Lȉ&   iȉ&   ȉ&   ȉ%   ɉ%   !ɉ    Cɉ  `ɉ&   wɉ&   ɉ%   ɉ%   ɉ    ɉ  @ʉ%   Uʉ%   tʉ    ʉ  ʉ&   ʉ&   4ˉ%   Jˉ%   hˉ    ˉ  ˉ    ˉ  6̉&   M̉&   {̉%   ̉%   ̉    ̉  ͉    6͉  ͉  ͉    ͉4  iډ%   ډ        y~|x{z}ډ%   ډ    ډ4  ۉ&   ۉ&   ܉%   /܉%   M܉    q܉4  ܉&   ܉&   [݉%   p݉%   ݉    ݉4  -މ4  Zމ    |މ  މ&    #    #   "   V    {  "   #   #   "   a      "   #   #   "   Y    {  "   |%#   %#   %"    &    E&  ]&"   &#   &#   &"   +'    M'  e'"   '#   '#   '"   #(    E(  ]("   I#   J#   >J"   J    J  J"   K#    K#   OK"   K    K  K"    L#   L#   HL"   L    L  L"   Ln#   ln#   n"   n    o  .o"   po#   o#   o"   o    p  6p"   ip#   p#   p"   p    q  .q"   !#   A#   |"   Ɠ    듊  "   E#   ^#   "   є      "   >#   W#   "   ɕ    땊  "   #   #   巊"   /    T  l"   #   Ǹ#   "   :    \  t"   #   #   ﹊"   2    T  l"   ۊ#   ܊#   M܊"   ܊    ܊  ܊"   ݊#   /݊#   ^݊"   ݊    ݊  ݊"   ފ#   (ފ#   Wފ"   ފ    ފ  ފ"   Z #   z #    "        $  <"   ~#   #   "   
    ,  D"   w#   #   "       $  <"   I%#   i%#   %"   %    &  +&"   m&#   &#   &"   &    '  3'"   f'#   '#   '"   '    (  +("    J#   @J#   {J"   J    J  K"   DK#   ]K#   K"   K    K  L"   >L#   WL#   L"   L    L  M"   X#   X#   X"   -Y    RY  jY"   Y#   Y#   Y"   9Z    [Z  sZ"   Z   {    {    y~|x{z}{       =       m    _mD  ymD  m    +m    OmD  5m&   Lm&   lm&   m&   m&   m&   6m%   Lm%   rm    mD  m&   m&   m%   m%   m    mD  m&   ]mD  m    m  y~|x{z}m     4  - 4    4  7m    "8m  k8m    8m    8m  8m&         y~|x{z}8m&   39m%   H9m%   f9m    9m  9m&   9m&   9m%    :m%   :m    @:m  ;m%   ;mD  ;m%   <m    <<m  v<m    <m  <m&   <m&   5=m%   K=m%   i=m    =m  =m    =m  O>m  w>m    >mD  >m&   >m    ?mD  H?m%   ]?m%   {?m    ?mD  ?m%   ?m%   ?m    @mD  Lm%   Lm  Mm%   #Mm    IMmD  NmD  Nm    Nm  Om&   pm#   pm#   pm"   Gqm    lqm  qm"   qm#   qm#   rm"   Rrm    trm  rm"   rm#   rm#   sm"   Ksm    msm  sm"   km#   m#   Ǖm"   m    6m  Nm"   m#   m#   ؖm"   m    >m  Vm"   m#   m#   їm"   m    6m  Nm"   Թm#   m#   /m"   ym    m  m"   m#   m#   @m"   m    m  m"   m#   
m#   9m"   |m    m  m"   <m#   \m#   m"   m    m  m"   `m#   ym#   m"   m    m  &m"   Ym#   rm#   m"   m    m  m"   +n#   Kn#   n"   n    n  n"   On#   hn#   n"   n    n  n"   Hn#   an#   n"   n    n  n"   (n#   :(n#   u(n"   (n    (n  (n"   >)n#   W)n#   )n"   )n    )n  *n"   7*n#   P*n#   *n"   *n    *n  *n"   Ln#   Mn#   IMn"   Mn    Mn  Mn"   Nn#   +Nn#   ZNn"   Nn    Nn  Nn"   On#   $On#   SOn"   On    On  On"   Wqn#   wqn#   qn"   qn    !rn  9rn"   {rn#   rn#   rn"   sn    )sn  Asn"   tsn#   sn#   sn"   sn    !tn  9tn"   n#   ߕn#   n"   dn    n  n"   n#   n#   +n"   on    n  n"   ܗn#   n#   $n"   gn    n  n"   'n#   Gn#   n"   ͺn    n  
n"   Ln#   en#   n"   ػn    n  n"   En#   ^n#   n"   мn    n  
n"   n#   n#   n"   An    fn  ~n"   n#   n#   n"   Ln    nn  n"   n#   n#   !n"   en    n  n"   n&   Wn
   4P    PD  PD  FP    fP    PD  fP&         y~|x{z}}P&   P&   P&   P&   P&   eP%   |P%   P    ǼPD  $P&   ;P&   ½P%   ׽P%   P    PD  LP&   PD  P    ߾P  y~|x{z}JP   @   g    i  dle   00  P    0P  yP    P    P  P&   P&   >P%   SP%   qP    P  P&   P&   P%   P%   )P    KP  P%   PD  P%   P    <P  vP    P  P&   P  'P    IPD  bP&   P    PD  
P%   P%   =P    _PD  P%   P%   P    PD   P%   P  IP%   mP    P  P&   P&   P&   GP%   ]P%   {P    P  P    P  ]P  P    PD  BP%   _P  P%   P    PD  7PD  TP    xP  P&   Q#   Q#   Q"   TQ    yQ  Q"   Q#   Q#   Q"   `Q    Q  Q"   Q#   Q#   Q"   XQ    zQ  Q"   z8Q#   8Q#   8Q"    9Q    E9Q  ]9Q"   9Q#   9Q#   9Q"   +:Q    M:Q  e:Q"   :Q#   :Q#   :Q"   #;Q    E;Q  ];Q"   P]Q#   p]Q#   ]Q"   ]Q    ^Q  2^Q"   t^Q#   ^Q#   ^Q"    _Q    "_Q  :_Q"   m_Q#   _Q#   _Q"   _Q    `Q  2`Q"   Q#   ؁Q#   Q"   ]Q    Q  Q"   ܂Q#   Q#   $Q"   hQ    Q  Q"   ՃQ#   Q#   Q"   `Q    Q  Q"    Q#   @Q#   {Q"   ŦQ    Q  Q"   DQ#   ]Q#   Q"   ЧQ    Q  
Q"   =Q#   VQ#   Q"   ȨQ    Q  Q"   Q#   Q#   Q"   /Q    TQ  lQ"   Q#   Q#   Q"   :Q    \Q  tQ"   Q#   Q#   Q"   2Q    TQ  lQ"   yQ#   Q#   Q"   Q    CQ  [Q"   Q#   Q#   Q"   )Q    KQ  cQ"   Q#   Q#   Q"   !Q    CQ  [Q"   MR#   mR#   R"   R    R  /R"   qR#   R#   R"   R    R  7R"   jR#   R#   R"   R    R  /R"   8R#   8R#   9R"   Z9R    9R  9R"   9R#   9R#   !:R"   e:R    :R  :R"   :R#   :R#   ;R"   ];R    ;R  ;R"   ]R#   ?]R#   z]R"         y~|x{z}]R    ]R  ^R"   C^R#   \^R#   ^R"   ^R    ^R  	_R"   <_R#   U_R#   _R"   _R    _R  `R"   lR#   lR#   lR"   8mR    ]mR  umR"   mR#   mR#    nR"   OnR   P_4    _4D  _4D  b`4    `4    `4D  ~a4&   a4&   a4&   a4&   3b4%   Ib4%   mb4    b4D  b4&   c4&   c4%   c4%   c4    c4D  d4D  e4    /e4  y~|x{z}e4       ]    w  ork  que  ue   P}4    }4  ~4    9~4    [~4  ~4&   ~4&   ~4%   ~4%   4    64  R4&   i4&   4%   4%   4    4  ;4    4    4  4    A4  j4&   4  4    4  _4%   z4  4%   ΃4    4  	4&   &4&   =4&   4%   4%   ބ4     4  4&   44&   b4%   w4%   4    4  4%   4%   14    S4  y4&   4&   4%   4%   %4    G4  4    4  4&   4&   94%   N4%   m4    4  ҈4    4  A4  h4    4  $4%   B4  n4%   4    4  v4&   4&   ֗4%   4%   	4    -4  4&   4&   4%   ,4%   J4    l4  4  4    84  Q4&   4#   4#   U4"   4    ˼4  4"   %4#   >4#   m4"   4    ӽ4  4"   4#   74#   f4"   4    ˾4  4"   4#   4#   A4"   4    4  4"   
4#   #4#   R4"   4    4  4"   4#   4#   K4"   4    4  4"   5#   5#   /5"   y5    5  5"   5#   5#   @5"   5    5  5"   5#   
5#   95"   }5    5  5"   *5#   *5#   +5"   N+5    s+5  +5"   +5#   +5#   ,5"   Y,5    {,5  ,5"   ,5#   ,5#   -5"   Q-5    s-5  -5"   O5#   3O5#   nO5"   O5    O5  O5"   7P5#   PP5#   P5"   P5    P5  P5"   0Q5#   IQ5#   xQ5"   Q5    Q5  Q5"   |s5#   s5#   s5"   !t5    Ft5  ^t5"   t5#   t5#   t5"   ,u5    Nu5  fu5"   u5#   u5#   u5"   $v5    Fv5  ^v5"   k5#   5#   Ƙ5"   5          y~|x{z}55  M5"   5#   5#   י5"   5    =5  U5"   5#   5#   К5"   5    55  M5"   [5#   {5#   5"    5    %5  =5"   5#   5#   Ǿ5"   5-   6#   6#   6"   26    W6  o6"   6#   6#   6"   =6    _6  w6"   6#   6#   6"   V6    x6  6"   6&   <6  g6    6  y~|x{z}6       M       ;&    ;&    y~|x{z}%<&       =           _D  yD      +    OD  5&   L&   l&   &   ӻ&   &   6%   L%   r    D  &   &   %   %       D  &   ]D        y~|x{z}     4  - 4    4        N    n      &   &   %   +%   I    k  &   &   %   %       #  %   D  %         Y    {  &   &   %   .%   L    n        2  Z    |D  &       D  +%   @%   ^    D  %   %       D  %     %       *D  D        &   #   #   A"         "   #   +#   Z"         "   #   $#   S"         "   6#   6#   7"   \7    7  7"   7#   7#   #8"   g8    8  8"   8#   8#   9"   _9    9  9"   [#   ?[#   z["   [    [  \"   C\#   \\#   \"   \    \  	]"   <]#   U]#   ]"   ]    ]  ^"   #   #   "   -    R  j"   #   ŀ#   "   8    Z  r"   #   #   "   0    R  j"   w#   #   Ҥ"       A  Y"   #   #   "   '    I  a"   #   #   ܦ"       A  Y"   h#   #   "       2  J"   #   #   "       :  R"   #   #   "       2  J"   <#   \#   "             y~|x{z}  "   `#   y#   "         &"   Y#   r#   "         "   #   #   "   I    n  "   #   #   "   T    v  "   #   #   	"   L    n  "   7#   ,7#   g7"   7    7  7"   08#   I8#   x8"   8    8  8"   )9#   B9#   q9"   9    9  9"   u[#   [#   ["   \    ?\  W\"   \#   \#   \"   %]    G]  _]"   ]#   ]#   ]"   ^    ?^  W^"   j#   k#   Dk"   k    k  k"   l#   'l#   Wl"   l    l  l"   %m#   ?m#   qm"   m    m  m"   Jn&   n  n    n  y~|x{z}ao       *    l  ogg  ing  nk    kD  kD  l    l    lD  m&   m&   m&   m&   =n&   Tn&   n%   n%   n    oD  ^o&   uo&   o%   p%   /p    QpD  p&   pD  p    q  y~|x{z}q   @   g    i  dle   00      q      ڊ      +&   B&   %   %       ԋ  &   &   7%   L%   j      %   D  =%   [    }      ٍ  &   @  h    D  &   ߎ    D  K%   `%   ~    D  ŏ%   ڏ%       D  A%   [  %       Б  &   &   &   %   %       ޒ  .    P    Ɠ    D  %     ͠%       D  yD        Ӣ&   #   #   "   a      "   #   #   )"   m      "   #   #   ""   e      "   #   #   "   ,    Q  i"   #   #   "   7    Y  q"   #   #   "   /    Q  i"   v#   #   "       @  X"   #   #   "   &    H  `"   #   #   "       @  X"   J3#   j3#   3"   3    4  ,4"   n4#         y~|x{z}4#   4"   4    5  45"   g5#   5#   5"   5    6  -6"   W#   W#   X"   XX    }X  X"   X#   X#   Y"   cY    Y  Y"   Y#   Y#   Z"   [Z    }Z  Z"   |#   ;|#   v|"   |    |  |"   ?}#   X}#   }"   }    }  ~"   8~#   Q~#   ~"   ~    ~  ~"   #   #   ޠ"   (    M  e"   #   #   "   3    U  m"   #   #   "   +    M  e"   r#   #   "       <  T"   #   #   "   "    D  \"   #   #   "       <  T"   F#   f#   "         ("   j#   #   "         0"   c#   |#   "         ("   #   #   	"   S    x  "   #   #   "   ^      "   #   #   "   V    x  "   #   <#   o"         "   8#   Q#   "         "   N#   h#   "          "   r &           !  y~|x{z}!     D  c D    mD  ainD  Iߥ    ID  
JD  J    J    JD  K&   K&   
L&   !L&   mL%   L%   L    LD  (M&   ?M&   M%   M%   M    ND  )OD  GO    iO  y~|x{z}O       ]    w  ork  que  ue   gߺ    h  dh    h    h  h&   h&   ,i%   Ai%   _i    i  i&   i&   i%   i%   j    9j  jߺ    j    3k  jk    k  k&   l  ,l    Nl  m%   m  m%   n    ;n  Tn&   qn&   n&   n%   o%   )o    Ko  ho&   o&   o%   o%   o    p  Hp%   ]p%   |p    p  p&   p&   <q%   Rq%   pq    q  q     r  >r&   Ur&   r%   r%   r    r  s    >s  s  s    s  n%     %   ڀ       &   ؁&    %   5%   S    w        y~|x{z}͂&   &   a%   v%         3  `      &   #   ɦ#   
"   [      "   ڧ#   #   ""   f      "   Ө#   #   "   ^      "   #   #   "   %    J  b"   #   #   "   0    R  j"   #   #   "   (    J  b"   o#   #   "       8  P"   #   #   "       @  X"   #   #   "       8  P"   ]#   }#   "       '  ?"   #   #   "       /  G"   z#   #   "       '  ?"   1:#   Q:#   :"   :    :  ;"   U;#   n;#   ;"   ;    <  <"   N<#   g<#   <"   <    <  ="   ^#   ^#   ^"   >_    c_  {_"   _#   _#   `"   I`    k`  `"   `#   `#   `"   Aa    ca  {a"   #   !#   \"       ˃  "   %#   >#   m"       ӄ  "   #   7#   f"       ˅  "   i#   #   ħ"       3  K"   #   #   ը"       ;  S"   #   #   Ω"       3  K"   X#   x#   "       #  ;"   }#   #   "   	    +  C"   v#   #   "       #  ;"   -#   M#   "         "   Q#   j#   "         "   J#   c#   "         "   #   #   "   9     ^   v "       ;ѥ    ;    y~|x{z} <       =       ¥    RD  lD          BD  (&   ?&   _&   v&   &   &   )%   ?%   e    D  &   &   }%   %       D  &   PD  w      y~|x{z}     4  - 4    4  Sº          :    \  &   &   %   %       7  U&   l&   %   %         Z%   wD  %             y~|x{z}  %    G  h&   &   %   %       :          &    HD  a&       D  %   %   *    LD  q%   %       D  d%     %       D  SD  p      &   l'#   '#   '"   '(    L(  d("   (#   (#   ("   2)    T)  l)"   )#   )#   )"   **    L*  d*"   JL#   iL#   L"   L    M  -M"   oM#   M#   M"   M    N  5N"   hN#   N#   N"   N    O  -O"   :q#   Zq#   q"   q    r  r"   ^r#   wr#   r"   r    s  $s"   Ws#   ps#   s"   s    t  t"   #   /#   j"       ٖ  "   3#   L#   {"         "   ,#   E#   t"       ٘  "   x#   #   Ӻ"       B  Z"   #   #   "   (    J  b"   #   #   ݼ"        B  Z"   #   #   <"         "   #   #   M"         "   #   #   F"         "   #   #   +"   u      "   #   #   <"         "   #   #   6"   y      "   (#   (#   )"   e)    )  )"   )#   )#   ,*"   p*    *  *"   *#   *#   %+"   h+    +  +"   M#   M#   M"   9N    ^N  vN"   N#   N#    O"   DO    fO  ~O"   O#   O#   O"   <P    ^P  vP"   q#   r#   Wr"   r    r  r"    s#   9s#   hs"   s    s  s"   t#   2t#   at"   t    t  t"   j#   #   "       ,  D"   #   #   ΁"       4  L"   #   #   "   +    M  e"   &   
   0t    tD  tD  Bu    bu    uD  bv&   yv&   v&   v&   v&   w&   aw%   xw%   w    wD  x&   6x&   x%   x%   x    yD        y~|x{z}Gy&   yD  y    y  y~|x{z}Ez   @   g    i  dle   00        a          Ҕ&   锦&   &%   <%   Z    |  &   &   ߕ%   %       4  %   D  喦%       %  _      &   藦      2D  K&       D  %   %   &    HD  m%   %       D  隦%     2%   V    x  &   &   Ǜ&   0%   F%   d      ֜      F  m    D  *%   G  s%       D  D  <    `  y&   3Φ#   WΦ#   Φ"   Φ    Ϧ  (Ϧ"   kϦ#   Ϧ#   Ϧ"   Ϧ    Ц  1Ц"   dЦ#   }Ц#   Ц"   Ц    Ѧ  )Ѧ"   #   /#   l"         "   5#   N#   }"         "   .#   G#   v"         "    #    #   ["         "   $#   =#   l"         "   #   6#   e"         "   <#   =#   J="   =    =  ="   >#   ,>#   [>"   >    >  >"   ?#   %?#   T?"   ?    ?  ?"   a#   a#    b"   jb    b  b"   b#   c#   1c"   uc    c  c"   c#   c#   *d"   md    d  d"   -#   M#   "   ҆      "   Q#   j#   "   ݇      "   J#   c#   "   Ո      "   #   #   "   :    _  w"   #   ҫ#   "   E    g  "   #   ˬ#   "   >    `  x"   Χ#   ϧ#   Zϧ"   ϧ    ϧ  ϧ"   #Ч#   <Ч#   kЧ"   Ч    Ч  Ч"   ѧ#   5ѧ#   dѧ"   ѧ    ѧ  ѧ"   #   #   ."   x      "   #   #   ?"         "   #   	#   8"   {      "   ;#   [#   "         "   _#   x#   "         %"   X#   q#   "         "         y~|x{z}&#   &#   &"   F'    k'  '"   '#   '#   ("   ](   *    j*D  *D  +    6+    Z+D  2,&   K,&   ,&   ,&   ,%   ,%   !-    E-D  -&   -&   @.%   U.%   s.    .D  /D  /    /  y~|x{z}M0       ]    w  ork  que  ue   )I    I  I    J    4J  fJ&   }J&   J%   J%   J    K  +K&   BK&   rK%   K%   K    K  NL4  L    L    L    M  AM&   M  M    M4  9O%   UO  O%   O    O  O&   P&   P&   P%   P%   P    P  P&   Q&   >Q%   SQ%   qQ    Q  Q%   Q%   R    /R  UR&   lR&   R%   R%   S    #S  oS    S  S&   S&   T%   )T%   HT    jT  T    T  U  CU    eU4  b%   b  Kb%   mb    b4  Rc&   jc&   c%   c%   c    	d4  _d&   vd&   d%   e%   &e    He4  e4  e    f  -f&   #   (#   i"       ߈  "   :#   S#   "   Ɖ    艊   "   3#   L#   {"         "   ᬊ#    #   ;"         ­"   #   #   L"         ʮ"   #   #   E"         ¯"   ъ#   ъ#   )Ҋ"   sҊ    Ҋ  Ҋ"   Ҋ#   ӊ#   :ӊ"   ~ӊ    ӊ  ӊ"   ӊ#   Ԋ#   3Ԋ"   vԊ    Ԋ  Ԋ"   #   #   "   H    m  "   #   #   "   S    u  "   #   #   "   K    m  "   #   +#   f"         "   /#   H#   w"         "   (#   A#   p"         "   t?#   ?#   ?"   @    >@  V@"   @#   @#   @"   $A    FA  ^A"   A#   A#   A"   B    >B  VB"   c#   c#   7d"   d    d  d"    e#   e#   He"   e    e  e"   e#   f#   Af"   f    f  f"   ˈ#         y~|x{z}눋#   &"   p      "   #   #   7"   {      "   芋#   #   0"   t      "   #   #   "   F    k  "   Ů#   ޮ#   "   Q    s  "   #   ׯ#   "   I    k  "   
ҋ#   *ҋ#   eҋ"   ҋ    ҋ  ҋ"   .Ӌ#   GӋ#   vӋ"   Ӌ    Ӌ  Ӌ"   'ԋ#   @ԋ#   oԋ"   ԋ    ԋ  ԋ"   z#   #   "       <  T"   #   #   "   "    D  \"      |    9|    y~|x{z}|       =       ջm    )mD  CmD  ڼm    m    mD  m&   m&   6m&   Mm&   m&   m&    m%   m%   <m    `mD  m&   пm&   Tm%   im%   m    mD  m&   'mD  Nm    pm  y~|x{z}m     4  - 4    4  m    em  m    m    m  $m&   ;m&   vm%   m%   m    m  m&    m&   .m%   Cm%   am    m  m%   mD  7m%   ]m    m  m    m  m&   m&   xm%   m%   m    m  m    >m  m  m    mD  m&   1m    SmD  m%   m%   m    mD  m%   m%   8m    ZmD  m%   m  Bm%   dm    mD  mD  m    )m  Bm&   n#   An#   n"   n    n  n"   Wn#   pn#   n"   n    n  n"   Pn#   in#   n"   n    n  n"   7n#   8n#   X8n"   8n    8n  8n"   !9n#   :9n#   i9n"   9n    9n  9n"   :n#   3:n#   b:n"   :n    :n  :n"   \n#   \n#   -]n"   w]n    ]n  ]n"   ]n#   ^n#   >^n"   ^n    ^n  ^n"   ^n#   _n#   7_n"   z_n    _n  _n"   :n#   Zn#   n"   ߁n    n  n"   ^n#   wn#   n"   n    n  $n"   Wn#   pn#   n"   n    n  n"   n#   ¥n#   n"   Gn    ln  n"   Ʀn#   ߦn#   n"   Rn    tn  n"   n#   اn#   n"   Jn    ln  n"   
n#   *n#   en"   n    n  n"   .n#         y~|x{z}Gn#   vn"   n    n  n"   'n#   @n#   on"   n    n  n"   n#   n#   Tn"   n    n  n"   n#   6n#   en"   n    n  n"   n#   /n#   ^n"   n    n  n"   o#   o#   )o"   so    o  o"   o#   o#   :o"   ~o    o  o"   o#   o#   3o"   vo    o  o"   68o#   V8o#   8o"   8o     9o  9o"   Z9o#   s9o#   9o"   9o    :o   :o"   S:o#   l:o#   :o"   :o     ;o  ;o"   \o#   \o#   \o"   C]o    h]o  ]o"   ]o#   ]o#   
^o"   N^o    p^o  ^o"   ^o#   ^o#   _o"   F_o    h_o  _o"   ko#   ko#   ko"   1lo    Vlo  nlo"   lo#   lo#   lo"   =mo    _mo  wmo"   mo#   mo#   no"   Wno    yno  no"   no&   Ioo
   FyQ    yQD  yQD  XzQ    xzQ    zQD  x{Q&   {Q&   {Q&   {Q&   |Q&   +|Q&   w|Q%   |Q%   |Q    |QD  5}Q&   L}Q&   }Q%   }Q%   ~Q    (~QD  ]~Q&   ~QD  ~Q    ~Q  y~|x{z}[Q   @   g    i  dle   00  Q    wQ  Q    Q    Q  1Q&   HQ&   Q%   Q%   Q    ڙQ  Q&   Q&   =Q%   RQ%   pQ    Q  Q%   QD  CQ%   aQ    Q  Q    ߛQ  Q&   FQ  nQ    QD  Q&   Q    QD  QQ%   fQ%   Q    QD  ˝Q%   Q%   Q     QD  GQ%   aQ  Q%   Q    ֟Q  Q&   Q&   %Q&   Q%   Q%    Q    Q  4Q    VQ  Q  ˡQ    QD  Q%   Q  ѮQ%   Q    QD  }QD  Q    Q  װQ&   Q#   Q#   HQ"   Q    Q  Q"   Q#   3Q#   bQ"   Q    Q  Q"   Q#   ,Q#   [Q"   Q    Q  Q"   Q#   Q#   Q"   eQ    Q  Q"   Q#   Q#   ,Q"   pQ    Q  Q"   Q#   Q#   %Q"   hQ    Q  Q"   R#   R#   
R"   TR    yR  R"   R#   R#   R"   _R    R  R"   R#   R#   R"   WR    yR  R"   AR#         y~|x{z}AR#   AR"   (BR    MBR  eBR"   BR#   BR#   BR"   3CR    UCR  mCR"   CR#   CR#   CR"   +DR    MDR  eDR"   eR#   fR#   FfR"   fR    fR  fR"   gR#   (gR#   WgR"   gR    gR  gR"   hR#   !hR#   PhR"   hR    hR  hR"   TR#   tR#   R"   R    R  6R"   xR#   R#   R"   R    &R  >R"   qR#   R#   R"   R    R  6R"   R#   ܮR#   R"   aR    R  R"   R#   R#   (R"   lR    R  R"   ٰR#   R#   !R"   dR    R  R"   R#   R#   R"   7R    \R  tR"   R#   R#   R"   BR    dR  |R"   R#   R#   R"   :R    \R  tR"   R#   R#   UR"   R    R  R"   R#   7R#   fR"   R    R  R"   R#   0R#   _R"   R    R  R"   bS#   S#   S"   S    ,S  DS"   S#   S#   S"   S    4S  LS"   S#   S#   S"   
S    ,S  DS"   X+S#   x+S#   +S"   +S    ,S  2,S"   t,S#   ,S#   ,S"   -S   D5    IE5D  cE5D  E5    F5    9F5D  G5&   *G5&   cG5&   zG5&   G5%   G5%    H5    $H5D  H5&   H5&   I5%   4I5%   RI5    tI5D  J5D  J5    J5  y~|x{z},K5       ]    w  ork  que  ue   1c5    c5  c5    d5    <d5  nd5&   d5&   d5%   d5%   d5    e5  3e5&   Je5&   ze5%   e5%   e5    e5  f5    pf5    f5  f5    !g5  Jg5&   g5  g5    g5  ?i5%   Zi5  i5%   i5    i5  i5&   j5&   j5&   j5%   j5%   j5    j5  j5&   k5&   Bk5%   Wk5%   uk5    k5  k5%   k5%   l5    3l5  Yl5&   pl5&   l5%   l5%   m5    'm5  sm5    m5  m5&   m5&   n5%   -n5%   Ln5    nn5  n5    n5   o5  Go5    io5  |5%    |5  L|5%   n|5    |5  T}5&   l}5&   }5%   }5%   }5    ~5  a~5&   x~5&   ~5%   
5%   (5    J5  5  5    5  /5&   ͡5#   5#         y~|x{z}35"   5    5  5"   5#   5#   K5"   5    5  ɣ5"   5#   5#   D5"   5    5  5"   5#   5#   5"   N5    s5  5"   5#   5#   5"   Y5    {5  5"   5#   5#   5"   Q5    s5  5"   5#   15#   l5"   5    5  5"   55#   N5#   }5"   5    5  5"   .5#   G5#   v5"   5    5  5"   y6#   6#   6"   6    C6  [6"   6#   6#   6"   )6    K6  c6"   6#   6#   6"   !6    C6  [6"   i46#   46#   46"   56    356  K56"   56#   56#   56"   66    ;66  S66"   66#   66#   66"   76    376  K76"   =Y6#   ]Y6#   Y6"   Y6    Z6  *Z6"   lZ6#   Z6#   Z6"   Z6    [6  2[6"   e[6#   ~[6#   [6"   [6    \6  *\6"   }6#   }6#   ~6"   `~6    ~6  ~6"   ~6#   ~6#   '6"   k6    6  6"   6#   6#    6"   c6    6  6"   6#   6#   6"   <6    a6  y6"   6#   ԣ6#   6"   G6    i6  6"   6#   ͤ6#   6"   ?6    a6  y6"    6#   "6#   b6"   6    6  6"   ,6#   E6#   t6"   6    6  6"   %6#   >6#   m6"   6    6  6"   6#   6#   >6"   6    6  6"   6#    6#   O6"   6    6  6"    6#   6#   H6"   6    6  6   G'    H'    y~|x{z}
I'       =       7    D  D  <    W    {D  a&   x&   &   &   &   &   b%   x%       D  &   2&   %   %       D  @&   D        y~|x{z};     4  - 4    4  n      5    U    w  &   &   %   %   0    R  p&   &   %   %       
  u%   D  %         @    b  &   &   %   %   3    U          B    dD  }&       D  	%   (	%         y~|x{z}F	    h	D  	%   	%   	    	D  %     %       D  rD        &   :#   :#   :"   F;    k;  ;"   ;#   ;#   <"   Q<    s<  <"   <#   <#   ="   I=    k=  ="   O_#   n_#   _"   _    `  2`"   t`#   `#   `"    a    "a  :a"   ma#   a#   a"   a    b  2b"   #   ؃#   "   ]      "   ܄#   #   $"   h      "   Յ#   #   "   `      "    #   @#   {"   Ũ      "   D#   ]#   "   Щ      
"   =#   V#   "   Ȫ      "   #   #   "   -    R  j"   #   #   "   8    Z  r"   #   #   "   0    R  j"   w#   #   "       A  Y"   #   #   "   '    I  a"   #   #   "       A  Y"   L#   l#   "         ."   p#   #   "         6"   i#   #   "         /"   :#   :#   ;"   Z;    ;  ;"   ;#   ;#   !<"   e<    <  <"   <#   <#   ="   ]=    =  ="   _#   >_#   y_"   _    _   `"   B`#   [`#   `"   `    `  a"   ;a#   Ta#   a"   a    a   b"   #   #   "   +    P  h"   #   Ä#   "   6    X  p"   #   #   "   .    P  h"   #   "#   U"       ē  ܓ"   #   7#   f"       ̔  "   4#   N#   "   Õ      "   X&   
       D  
D          D  &   ӏ&   &   	&   X&   o&   %   Ґ%       D  y&   &   %   ,%   J    lD  &   D      4  y~|x{z}   @   g    i  dle   00  ά    O          ڭ  	&    &   ]%         y~|x{z}r%         ή&   &   %   *%   H    j  կ%   D  %   9    [        ٰ&     F    hD  &       ߱D  )%   >%   \    ~D  %   %   ֲ    D  %   9  h%         Ǵ&   &   &   f%   |%             .  |      ŶD  a%   ~  %       D  VD  s      &   6#   Z#   "         +"   n#   #   "         4"   g#   #   "         ,"   #   2#   o"         "   8#   Q#   "         "   1#   J#   y"         "   |0#   0#   0"   !1    F1  ^1"   1#   1#   1"   ,2    N2  f2"   2#   2#   2"   $3    F3  ^3"   T#   U#   @U"   U    U  U"   	V#   "V#   QV"   V    V  V"   W#   W#   JW"   W    W  W"   My#   my#   y"   y    z  /z"   qz#   z#   z"   z    {  7{"   j{#   {#   {"   {    |  /|"   <#   \#   "         "   `#   y#   "         &"   Y#   r#   "         "   #   0#   k"         "   4#   M#   |"         "   -#   F#   u"         "   x#   #   "       B  Z"   #   #   "   (    J  b"   #   #   "   !    C  ["   #   #   ="         "   #   #   N"         "   #   #   G"         "   J0#   j0#   0"   0    1  ,1"   n1#   1#   1"   1    2  42"   g2#   2#   2"   2    3  ,3"   ?#   ?#   @"   c@    @  @"   @#   @#   +A"   zA   P    PD  PD  Q    Q    QD  R&   R&   R&         y~|x{z}S&   bS%   xS%   S    SD  T&   4T&   T%   T%   T    UD  VD  <V    ^V  y~|x{z}V       ]    w  ork  que  ue   n    4o  {o    o    o  o&   p&   Cp%   Xp%   vp    p  p&   p&   p%   q%   .q    Pq  q    q    Kr  r    r  r&   s  Cs    es  t%   t  u%   0u    Ru  ku&   u&   u&   v%   "v%   @v    bv  v&   v&   v%   v%   v    w  _w%   tw%   w    w  w&   w&   Sx%   ix%   x    x  x    y  Uy&   ly&   y%   y%   y    y  3z    Uz  z  z    z  %     Ї%         ؈&   &   8%   M%   l      &   &   z%   %       ϊ  L  y      &   #   #   "   ?    d  |"   #   ׮#   "   J    l  "   #   Я#   "   B    d  |"   e#   #   "   	    .  F"   #   #   "       6  N"   #   #   "       .  F"   #   #   &"   p      "   #   #   7"   {      "   #   #   0"   s      "   3#   S#   "         "   W#   p#   "         "   P#   i#   "         "   "@#   B@#   }@"   @    @  A"   FA#   _A#   A"   A    A  B"   ?B#   XB#   B"   B    B  C"   e#   1e#   le"   e    e  e"   5f#   Nf#   }f"   f    f  f"   .g#   Gg#   vg"   g    g  g"   #   #   B"         Ɋ"   #   $#   S"         ы"   #   #   L"         Ɍ"   O#   o#   "         1"   s#   #   "       !  9"   l#   #   "         1"   #   #         y~|x{z}"   \      "   #   #   #"   g      "   #   #   "   _      "   #   #   "   L    |)   /Lҥ    L    y~|x{z}@M       =       å    D  D          D  &   &   &   &   b&   y&   %   %       %D  ~&   &   %   /%   N    pD  &   D      6  y~|x{z}     4  - 4    4  ĺ                C&   Z&   %   %         &   &   M%   b%         %   *D  V%   |            	&   2	&   	%   	%   	    	  ;
    ]
  
  
    
D  &   Q    sD  %   %        D  %%   :%   X    zD  %   6  b%       D  D  %    I  b&   =#   +=#   p="   =    =  ="   A>#   Z>#   >"   >    >  ?"   :?#   S?#   ?"   ?    ?  ?"   a#   b#   Bb"   b    b  b"   c#   $c#   Sc"   c    c  c"   d#   d#   Ld"   d    d  d"   #   ۆ#   "   `      "   ߇#   #   '"   k      "   ؈#   #    "   c      "   ##   C#   ~"   ȫ      "   G#   `#   "   Ӭ      "   @#   Y#   "   ˭      "   #   #   "   1    V  n"   #   #   "   <    ^  v"   #   #   "   4    V  n"   #   #   O"         "   #   1#   `"         "   #   *#   Y"         "   #   #   >"         "   #    #   O"         "    #   #   H"         "   =#   =#   >"   ]>    >  >"   >#   >#   $?"   h?    ?  ?"   ?#   ?#   @"   `@          y~|x{z}@  @"   #b#   Cb#   ~b"   b    b  c"   Gc#   `c#   c"   c    c  d"   @d#   Yd#   d"   d    d  e"   #   #   "   0    U  m"   #   ȇ#   "   ;    ]  u"   #   #   "   3    U  m"   #   '#   Z"       ɖ  "   ##   <#   l"       җ  "   :#   T#   "   ʘ      "   _&   
   ޶    DD  ^D          4D  &   '&   F&   ]&   &   ù&   %   &%   L    pD  ͺ&   产&   k%   %       D  &   =D  f      y~|x{z}   @   g    i  dle   00  է    %֧  n֧    ֧    ֧  ֧&   ֧&   3ק%   Hק%   fק    ק  ק&   ק&   ק%    ا%   ا    @ا  ا%   اD  ا%   ٧    1٧  k٧    ٧  ٧&   ٧  ڧ    >ڧD  Wڧ&   ڧ    ڧD  ڧ%   ۧ%   2ۧ    TۧD  yۧ%   ۧ%   ۧ    ۧD  ܧ%   ݧ  >ݧ%   bݧ    ݧ  ݧ&   ݧ&   ݧ&   <ާ%   Rާ%   pާ    ާ  ާ    ߧ  Rߧ  yߧ    ߧD  6%   S  %       D  +D  H    l  &   Z#   ~#   "       7  O"   #   #   "       @  X"   #   #   "       8  P"   85#   W5#   5"   5    6  6"   ]6#   v6#   6"   6    7  #7"   V7#   o7#   7"   7    8  8"   Z#   -Z#   hZ"   Z    Z  Z"   1[#   J[#   y["   [    [  ["   *\#   C\#   r\"   \    \  \"   v~#   ~#   ~"       @  X"   #   #   "   &    H  `"   #   #   ۀ"       @  X"   ޢ#   #   9"         "   #   #   J"         Ȥ"   #   #   C"         "   FǨ#   fǨ#   Ǩ"   Ǩ    Ȩ  (Ȩ"   jȨ#   Ȩ#   Ȩ"   Ȩ          y~|x{z}ɨ  0ɨ"   cɨ#   |ɨ#   ɨ"   ɨ    ʨ  (ʨ"   5#   U#   "         "   Y#   r#   "         "   R#   k#   "         "   
#   *#   e"         "   .#   G#   v"         "   '#   @#   o"         "   r5#   5#   5"   6    <6  T6"   6#   6#   6"   "7    D7  \7"   7#   7#   7"   8    <8  T8"   Y#   Y#   6Z"   Z    Z  Z"   Z#   [#   G["   [    [  ["   [#   \#   @\"   \    \  \"   Wi#   wi#   i"   i    j  1j"   sj#   j#   j"   
k       }D  D  )    I    mD  E&   ^&   &   &   %   %   4    XD  &   ̥&   S%   h%       D  D  ԧ      y~|x{z}`       ]    w  ork  que  ue   &              1  c&   z&   %   %         (&   ?&   o%   %         Ë    iË    Ë4  Ë    ċ  >ċ&   ċ  ċ    ċ4  3Ƌ%   NƋ  ~Ƌ%   Ƌ    Ƌ  Ƌ&   Ƌ&   ǋ&   ~ǋ%   ǋ%   ǋ    ǋ  ǋ&   ȋ&   6ȋ%   Kȋ%   iȋ    ȋ  ȋ%   ȋ%   ɋ    'ɋ  Mɋ&   dɋ&   ɋ%   ɋ%   ɋ    ʋ  gʋ    ʋ  ʋ&   ʋ&   ˋ%   !ˋ%   @ˋ    bˋ  ˋ    ˋ  ̋  ;̋    ]̋4  ؋%   ً  Bً%   dً    ً4  Iڋ&   aڋ&   ڋ%   ڋ%   ڋ     ۋ4  Vۋ&   mۋ&   ۋ%   ۋ%   ܋    ?܋4  ܋4  ܋    ݋  $݋&   #   #   '"   x      "   #    #   ? "            "    #   	#   8"   {      "   ##   ##   #"   B$    g$  $"   $#   $#   	%"   M%    o%  %"   %#   %#   &"   E&    g&  &"   H#   $H#   _H"   H    H  H"   (I#   AI#   pI"   I    I        y~|x{z}I"   !J#   :J#   iJ"   J    J  J"   ll#   l#   l"   m    6m  Nm"   m#   m#   m"   n    >n  Vn"   n#   n#   n"   o    6o  No"   [#   {#   "        %  ="   #   #   ǒ"       -  E"   x#   #   "       %  ="   J#   j#   "   ﶌ      ,"   n#   #   "         4"   g#   #   "         ,"   ی#   ?ی#   zی"   ی    ی  ܌"   C܌#   \܌#   ܌"   ܌    ܌  	݌"   <݌#   U݌#   ݌"   ݌    ݌  ތ"   #   #   "   ,     Q   i "    #    #    "   7    Y  q"   #   #   "   /    Q  i"   ##   $#   J$"   $    $  $"   %#   ,%#   [%"   %    %  %"   &#   %&#   T&"   &    &  &"   XH#   xH#   H"   H    -I)   }}    )}    y~|x{z}}       =       7o    7oD  8oD  8o    8o    8oD  9o&   9o&   9o&   :o&   _:o&   v:o&   :o%   :o%   :o    ";oD  {;o&   ;o&   <o%   +<o%   J<o    l<oD  <o&   <oD  =o    2=o  y~|x{z}=o     4  - 4    4  Wo    Xo  YXo    yXo    Xo  Xo&   Xo&   !Yo%   6Yo%   TYo    vYo  Yo&   Yo&   Yo%   Yo%   Zo    .Zo  [o%   [oD  [o%   \o    *\o  d\o    \o  \o&   \o&   #]o%   9]o%   W]o    y]o  ]o    ]o  =^o  e^o    ^oD  ^o&   ^o    ^oD  6_o%   K_o%   i_o    _oD  _o%   _o%   _o    `oD  lo%   lo  lo%   mo    6moD  noD  no    no  no&   o#   o#   Lo"   o    Ño  ۑo"   o#   6o#   eo"   o    ˒o  o"   o#   /o#   ^o"   o    Óo  ۓo"   o#   o#   o"   go    o  o"   o#   o#   .o"   ro    o  o"   ߷o#   o#   'o"   jo    o  o"   *o#   Jo#   o"   o    o  o"   No#         y~|x{z}go#   o"   o    o  o"   Go#   `o#   o"   o    o  o"   o#   o#   o"   8o    ]o  uo"   o#   o#   o"   C p    e p  } p"    p#    p#    p"   ;p    ]p  up"   "p#   #p#   W#p"   #p    #p  #p"    $p#   9$p#   h$p"   $p    $p  $p"   %p#   2%p#   a%p"   %p    %p  %p"   Gp#   Gp#   +Hp"   uHp    Hp  Hp"   Hp#   Ip#   <Ip"   Ip    Ip  Ip"   Ip#   Jp#   5Jp"   xJp    Jp  Jp"   9lp#   Ylp#   lp"   lp    mp  mp"   ]mp#   vmp#   mp"   mp    np  #np"   Vnp#   onp#   np"   np    op  op"   p#   p#   p"   Fp    kp  p"   őp#   ޑp#   p"   Qp    sp  p"   p#   גp#   p"   Ip    kp  p"   	p#   )p#   dp"   p    ӵp  p"   -p#   Fp#   up"   p    ۶p  p"   &p#   ?p#   np"   p    ӷp  p"   p#   p#   Sp"   p    p  p"   p#   5p#   dp"   p    p  p"   p#   .p#   ]p"   p    p  p"   up#   p#   p"   p    7p  Op"   p#   p#   p"   p    ?p  Wp"   p#   p#   p"   6p    Xp  pp"   p&   p  Hp    kp  y~|x{z}p       *    l  ogg  ing  S    ,SD  FSD  S    S    SD  S&   S&   .S&   ES&   S&   S&   S%   S%   4S    XSD  S&   S&   SS%   hS%   S    SD  S&   %SD  NS    pS  y~|x{z}S   @   g    i  dle   00  2S    3S  T3S    t3S    3S  3S&   3S&   4S%   .4S%   L4S    n4S  4S&   4S&   4S%   4S%   5S    &5S  5S%   5SD  5S%   5S    6S  Q6S    s6S  6S&   6S  7S    $7SD  =7S&   y7S    7SD  7S%   7S%   8S    :8SD  _8S%   t8S%   8S    8SD  9S%   9S  $:S%   H:S    j:S  :S&   :S&   :S&   ";S%   8;S%   V;S    x;S  ;S    ;S  8<S  _<S    <SD  IS%         y~|x{z}9IS  eIS%   IS    ISD  KSD  .KS    RKS  kKS&   vmS#   mS#   mS"   .nS    SnS  knS"   nS#   nS#   nS"   :oS    \oS  toS"   oS#   oS#   oS"   2pS    TpS  lpS"   TS#   sS#   S"   S    S  7S"   yS#   S#   S"   S    'S  ?S"   rS#   S#   S"   S    S  7S"   S#   ݶS#   S"   cS    S  S"   S#   S#   *S"   nS    S  S"   ۸S#   S#   #S"   fS    S  S"   &S#   FS#   S"   S    S  S"   JS#   cS#   S"   S    S  S"   CS#   \S#   S"   S    S  S"   S#    T#   U T"    T     T   T"   T#   7T#   fT"   T    T  T"   T#   0T#   _T"   T    T  T"   b$T#   $T#   $T"   %T    ,%T  D%T"   %T#   %T#   %T"   &T    4&T  L&T"   &T#   &T#   &T"   
'T    ,'T  D'T"   HT#   HT#   %IT"   oIT    IT  IT"   IT#   JT#   6JT"   zJT    JT  JT"   JT#    KT#   /KT"   rKT    KT  KT"   2mT#   RmT#   mT"   mT    mT  nT"   VnT#   onT#   nT"   nT    oT  oT"   OoT#   hoT#   oT"   oT    oT  pT"   !T#   AT#   |T"   ƒT    T  T"   ET#   ^T#   T"   ѓT    T  T"   >T#   WT#   T"   ɔT    T  T"   T#   T#   PT"   T    T  ׷T"   T#   2T#   aT"   T    ǸT  ߸T"   T#   +T#   ZT"   T    T  ׹T"   T#   &T#   YT"   T    T  T"   "T#   ;T#   kT"   T    T  T"   9T#   ST#   T"   T    T  T"   _T&   T  T    T  y~|x{z}wT     D  c D    mD  ainD  6    ^6D  x6D  
6    *6    N6D  &6&   ?6&   x6&   6&   6%   6%   6    96D  6&   6&   46%   I6%   g6    6D  6D  6    6  y~|x{z}?6       ]    w  ork  que  ue   6    6  6    6    6  L6&   c6&   6%   6%         y~|x{z}6    6  6&   (6&   X6%   m6%   6    6  46  k6    6    6    6  '6&   v6  6    6  6%   ;6  l6%   6    6  6&   6&   6&   l6%   6%   6    6  6&   6&   $6%   96%   W6    y6  6%   6%   6    6  ;6&   R6&   6%   6%   6    	6  U6    w6  6&   6&   6%   6%   .6    P6  6    6  6  )6    K6  
7%   7  17%   S7    y7  87&   P7&   7%   7%   7    7  E7&   \7&   7%   7%   7    .7  7  7    7  7&   17#   '17#   h17"   17    17  17"   827#   Q27#   27"   27    27  27"   137#   J37#   y37"   37    37  37"   U7#   U7#   9V7"   V7    V7  V7"   W7#   W7#   JW7"   W7    W7  W7"   W7#   X7#   CX7"   X7    X7  X7"   Fz7#   ez7#   z7"   z7    {7  '{7"   i{7#   {7#   {7"   {7    |7  /|7"   b|7#   {|7#   |7"   |7    }7  '}7"   7#   ͞7#   7"   R7    w7  7"   џ7#   7#   7"   ]7    7  7"   ʠ7#   7#   7"   U7    w7  7"   7#   57#   p7"   7    7  7"   97#   R7#   7"   7    7  7"   27#   K7#   z7"   7    7  7"   7#   %7#   `7"   7    7  7"   )7#   B7#   q7"   7    7  7"   "7#   ;7#   j7"   7    7  7"   8#   8#   48"   ~8    8  8"   8#   8#   E8"   8    8  8"   8#   8#   >8"   8    8  8"   A18#   a18#   18"   18    28  #28"   e28#   ~28#   28"   28    38  +38"   ^38#   w38#   38"   38    48  $48"   U8#   U8#   V8"   OV8    tV8  V8"   V8#   V8#   W8"   ZW8    |W8  W8"   W8#   W8#   X8"   RX8    tX8  X8"   z8#   2z8#   mz8"   z8    z8)   (    (    y~|x{z}(       =       [    [D  [D        y~|x{z}\    \    \D  ]&   ]&   ]&   ]&   O^&   f^&   ^%   ^%   ^    _D  k_&   _&   `%   `%   :`    \`D  `&   `D   a    "a  y~|x{z}a     4  - 4    4  z    N{  {    {    {  |&   $|&   _|%   t|%   |    |  |&   |&   }%   ,}%   J}    l}  ~%   ~D   %   F    h        &   &   a%   w%             '  {      ŁD  ށ&       <D  t%   %       ɂD  %   %   !    CD  %     )%   K    qD  ϑD        )&   #   '#   l"         "   =#   V#   "   ɵ      "   6#   O#   ~"         "   #   #   >"         "   #    #   O"         "    #   #   H"         "   K#   k#   "         -"   o#   #   "         5"   h#   #   "          - "   :"#   Z"#   ""   "    #  #"   ^##   w##   #"   #    $  $$"   W$#   p$#   $"   $    %  %"   G#   .G#   iG"   G    G  G"   2H#   KH#   zH"   H    H  H"   +I#   DI#   sI"   I    I  I"   vk#   k#   k"   l    @l  Xl"   l#   l#   l"   &m    Hm  `m"   m#   m#   m"   n    @n  Xn"   ߏ#   #   :"         "   #   #   K"         ɑ"   #   #   D"         "   G#   g#   "         )"   k#   #   "         1"   d#   }#   "         )"   #   <#   w"         "   @#   Y#   "         "   9#   R#   "         "   #   #   "   )    N  f"   #   #   "   4    V        y~|x{z}n"   #   #   "   ,     N   f "   #   #   E"         "   #   '#   W"         "   %#   ?#   q"         "   J&   
   0!    !D  !D  B"    b"    "D  b#&   y#&   #&   #&   #&   $&   a$%   x$%   $    $D  %&   6%&   %%   %%   %    &D  G&&   &D  &    &  y~|x{z}E'   @   g    i  dle   00  @    ,A  uA    A    A  A&   A&   :B%   OB%   mB    B  B&   B&   B%   C%   %C    GC  C%   CD  C%   D    8D  rD    D  D&   D  #E    EED  ^E&   E    ED  F%   F%   9F    [FD  F%   F%   F    FD  G%   H  EH%   iH    H  H&   H&   H&   CI%   YI%   wI    I  I    J  YJ  J    JD  =W%   ZW  W%   W    WD  2YD  OY    sY  Y&   b{#   {#   {"   |    ?|  W|"   |#   |#   |"   &}    H}  `}"   }#   }#   }"   ~    @~  X~"   ?#   ^#   "       
  ""   d#   }#   "         *"   ]#   v#   "       
  ""   #   #   "   M    r  "   #   #   "   X    z  "   #   #   "   P    r  "   #   #   "   <    a  y"   #   #   "   G    i  "   #   #   "   ?    a  y"   k#   #   "       5  M"   #   #   "       =  U"   #   #   "       5  M"   2#   2#   .3"   x3    3  3"   3#   4#   ?4"   4    4  4"   4#   	5#   85"   {5    5  5"   ;W#   [W#   W"   W    X  X"   _X#   xX#   X"   X    Y  &Y"   YY#   rY#   Y"   Y    Z  Z"   {#   {#   {"   I|    n|        y~|x{z}|"   |#   |#   }"   T}    v}  }"   }#   }#   	~"   L~    n~  ~"   #   #   "   8    ]  u"   #   С#   "   C    e  }"   #   ɢ#   "   ;    ]  u"   h#   #   "       2  J"   #   #   "       :  R"   #   #   "       2  J"   #   #   *"   t      "   #   #   ;"      
# Logging stopped @ 29 Jun 2020 14:38: 0
